// Jest Snapshot v1, https://goo.gl/fbAQLP

exports[`AlertModal Should maintain existing snapshot 1`] = `
ShallowWrapper {
  "length": 1,
  Symbol(enzyme.__root__): [Circular],
  Symbol(enzyme.__unrendered__): <AlertModal
    alertModalState={
      Object {
        "message": "",
        "show": true,
        "type": "error",
      }
    }
  />,
  Symbol(enzyme.__renderer__): Object {
    "batchedUpdates": [Function],
    "getNode": [Function],
    "render": [Function],
    "simulateEvent": [Function],
    "unmount": [Function],
  },
  Symbol(enzyme.__node__): Object {
    "instance": null,
    "key": undefined,
    "nodeType": "host",
    "props": Object {
      "children": <div
        className="io-modal-body io-error"
      >
        <div
          className="io-header io-error"
        >
          ERROR!
        </div>
        <div
          className="io-body"
        >
          <div
            className="io-content io-error"
          >
            <h2>
              
               
            </h2>
          </div>
        </div>
        <div
          className="io-footer io-error"
        >
          <button
            className="io-submit-btn io-sm"
            id="view-center-ok"
          >
            OK 
          </button>
        </div>
      </div>,
      "className": "io-modal error io-error",
      "onClick": undefined,
    },
    "ref": null,
    "rendered": Object {
      "instance": null,
      "key": undefined,
      "nodeType": "host",
      "props": Object {
        "children": Array [
          <div
            className="io-header io-error"
          >
            ERROR!
          </div>,
          <div
            className="io-body"
          >
            <div
              className="io-content io-error"
            >
              <h2>
                
                 
              </h2>
            </div>
          </div>,
          <div
            className="io-footer io-error"
          >
            <button
              className="io-submit-btn io-sm"
              id="view-center-ok"
            >
              OK 
            </button>
          </div>,
        ],
        "className": "io-modal-body io-error",
      },
      "ref": null,
      "rendered": Array [
        Object {
          "instance": null,
          "key": undefined,
          "nodeType": "host",
          "props": Object {
            "children": "ERROR!",
            "className": "io-header io-error",
          },
          "ref": null,
          "rendered": "ERROR!",
          "type": "div",
        },
        Object {
          "instance": null,
          "key": undefined,
          "nodeType": "host",
          "props": Object {
            "children": <div
              className="io-content io-error"
            >
              <h2>
                
                 
              </h2>
            </div>,
            "className": "io-body",
          },
          "ref": null,
          "rendered": Object {
            "instance": null,
            "key": undefined,
            "nodeType": "host",
            "props": Object {
              "children": <h2>
                
                 
              </h2>,
              "className": "io-content io-error",
            },
            "ref": null,
            "rendered": Object {
              "instance": null,
              "key": undefined,
              "nodeType": "host",
              "props": Object {
                "children": Array [
                  "",
                  " ",
                ],
              },
              "ref": null,
              "rendered": Array [
                "",
                " ",
              ],
              "type": "h2",
            },
            "type": "div",
          },
          "type": "div",
        },
        Object {
          "instance": null,
          "key": undefined,
          "nodeType": "host",
          "props": Object {
            "children": <button
              className="io-submit-btn io-sm"
              id="view-center-ok"
            >
              OK 
            </button>,
            "className": "io-footer io-error",
          },
          "ref": null,
          "rendered": Object {
            "instance": null,
            "key": undefined,
            "nodeType": "host",
            "props": Object {
              "children": "OK ",
              "className": "io-submit-btn io-sm",
              "id": "view-center-ok",
              "onClick": undefined,
            },
            "ref": null,
            "rendered": "OK ",
            "type": "button",
          },
          "type": "div",
        },
      ],
      "type": "div",
    },
    "type": "div",
  },
  Symbol(enzyme.__nodes__): Array [
    Object {
      "instance": null,
      "key": undefined,
      "nodeType": "host",
      "props": Object {
        "children": <div
          className="io-modal-body io-error"
        >
          <div
            className="io-header io-error"
          >
            ERROR!
          </div>
          <div
            className="io-body"
          >
            <div
              className="io-content io-error"
            >
              <h2>
                
                 
              </h2>
            </div>
          </div>
          <div
            className="io-footer io-error"
          >
            <button
              className="io-submit-btn io-sm"
              id="view-center-ok"
            >
              OK 
            </button>
          </div>
        </div>,
        "className": "io-modal error io-error",
        "onClick": undefined,
      },
      "ref": null,
      "rendered": Object {
        "instance": null,
        "key": undefined,
        "nodeType": "host",
        "props": Object {
          "children": Array [
            <div
              className="io-header io-error"
            >
              ERROR!
            </div>,
            <div
              className="io-body"
            >
              <div
                className="io-content io-error"
              >
                <h2>
                  
                   
                </h2>
              </div>
            </div>,
            <div
              className="io-footer io-error"
            >
              <button
                className="io-submit-btn io-sm"
                id="view-center-ok"
              >
                OK 
              </button>
            </div>,
          ],
          "className": "io-modal-body io-error",
        },
        "ref": null,
        "rendered": Array [
          Object {
            "instance": null,
            "key": undefined,
            "nodeType": "host",
            "props": Object {
              "children": "ERROR!",
              "className": "io-header io-error",
            },
            "ref": null,
            "rendered": "ERROR!",
            "type": "div",
          },
          Object {
            "instance": null,
            "key": undefined,
            "nodeType": "host",
            "props": Object {
              "children": <div
                className="io-content io-error"
              >
                <h2>
                  
                   
                </h2>
              </div>,
              "className": "io-body",
            },
            "ref": null,
            "rendered": Object {
              "instance": null,
              "key": undefined,
              "nodeType": "host",
              "props": Object {
                "children": <h2>
                  
                   
                </h2>,
                "className": "io-content io-error",
              },
              "ref": null,
              "rendered": Object {
                "instance": null,
                "key": undefined,
                "nodeType": "host",
                "props": Object {
                  "children": Array [
                    "",
                    " ",
                  ],
                },
                "ref": null,
                "rendered": Array [
                  "",
                  " ",
                ],
                "type": "h2",
              },
              "type": "div",
            },
            "type": "div",
          },
          Object {
            "instance": null,
            "key": undefined,
            "nodeType": "host",
            "props": Object {
              "children": <button
                className="io-submit-btn io-sm"
                id="view-center-ok"
              >
                OK 
              </button>,
              "className": "io-footer io-error",
            },
            "ref": null,
            "rendered": Object {
              "instance": null,
              "key": undefined,
              "nodeType": "host",
              "props": Object {
                "children": "OK ",
                "className": "io-submit-btn io-sm",
                "id": "view-center-ok",
                "onClick": undefined,
              },
              "ref": null,
              "rendered": "OK ",
              "type": "button",
            },
            "type": "div",
          },
        ],
        "type": "div",
      },
      "type": "div",
    },
  ],
  Symbol(enzyme.__options__): Object {
    "adapter": ReactSixteenAdapter {
      "options": Object {
        "enableComponentDidUpdateOnSetState": true,
      },
    },
  },
}
`;
