// Jest Snapshot v1, https://goo.gl/fbAQLP

exports[`DiscoverBody Should maintain existing snapshot 1`] = `
ShallowWrapper {
  "length": 1,
  Symbol(enzyme.__root__): [Circular],
  Symbol(enzyme.__unrendered__): <DiscoverBody />,
  Symbol(enzyme.__renderer__): Object {
    "batchedUpdates": [Function],
    "getNode": [Function],
    "render": [Function],
    "simulateEvent": [Function],
    "unmount": [Function],
  },
  Symbol(enzyme.__node__): Object {
    "instance": null,
    "key": undefined,
    "nodeType": "host",
    "props": Object {
      "children": <div
        className="container-fluid"
      >
        <DiscoverTitleCard>
          Event Centers Near You
        </DiscoverTitleCard>
        <Connect(DiscoverCenterCardRow)
          type="near"
        />
        <DiscoverTitleCard>
          Available Event Centers
        </DiscoverTitleCard>
        <Connect(DiscoverCenterCardRow) />
      </div>,
      "className": "io-body-content",
    },
    "ref": null,
    "rendered": Object {
      "instance": null,
      "key": undefined,
      "nodeType": "host",
      "props": Object {
        "children": Array [
          <DiscoverTitleCard>
            Event Centers Near You
          </DiscoverTitleCard>,
          <Connect(DiscoverCenterCardRow)
            type="near"
          />,
          <DiscoverTitleCard>
            Available Event Centers
          </DiscoverTitleCard>,
          <Connect(DiscoverCenterCardRow) />,
        ],
        "className": "container-fluid",
      },
      "ref": null,
      "rendered": Array [
        Object {
          "instance": null,
          "key": undefined,
          "nodeType": "function",
          "props": Object {
            "children": "Event Centers Near You",
          },
          "ref": null,
          "rendered": "Event Centers Near You",
          "type": [Function],
        },
        Object {
          "instance": null,
          "key": undefined,
          "nodeType": "class",
          "props": Object {
            "showViewCenterModal": undefined,
            "type": "near",
          },
          "ref": null,
          "rendered": null,
          "type": [Function],
        },
        Object {
          "instance": null,
          "key": undefined,
          "nodeType": "function",
          "props": Object {
            "children": "Available Event Centers",
          },
          "ref": null,
          "rendered": "Available Event Centers",
          "type": [Function],
        },
        Object {
          "instance": null,
          "key": undefined,
          "nodeType": "class",
          "props": Object {
            "showViewCenterModal": undefined,
          },
          "ref": null,
          "rendered": null,
          "type": [Function],
        },
      ],
      "type": "div",
    },
    "type": "div",
  },
  Symbol(enzyme.__nodes__): Array [
    Object {
      "instance": null,
      "key": undefined,
      "nodeType": "host",
      "props": Object {
        "children": <div
          className="container-fluid"
        >
          <DiscoverTitleCard>
            Event Centers Near You
          </DiscoverTitleCard>
          <Connect(DiscoverCenterCardRow)
            type="near"
          />
          <DiscoverTitleCard>
            Available Event Centers
          </DiscoverTitleCard>
          <Connect(DiscoverCenterCardRow) />
        </div>,
        "className": "io-body-content",
      },
      "ref": null,
      "rendered": Object {
        "instance": null,
        "key": undefined,
        "nodeType": "host",
        "props": Object {
          "children": Array [
            <DiscoverTitleCard>
              Event Centers Near You
            </DiscoverTitleCard>,
            <Connect(DiscoverCenterCardRow)
              type="near"
            />,
            <DiscoverTitleCard>
              Available Event Centers
            </DiscoverTitleCard>,
            <Connect(DiscoverCenterCardRow) />,
          ],
          "className": "container-fluid",
        },
        "ref": null,
        "rendered": Array [
          Object {
            "instance": null,
            "key": undefined,
            "nodeType": "function",
            "props": Object {
              "children": "Event Centers Near You",
            },
            "ref": null,
            "rendered": "Event Centers Near You",
            "type": [Function],
          },
          Object {
            "instance": null,
            "key": undefined,
            "nodeType": "class",
            "props": Object {
              "showViewCenterModal": undefined,
              "type": "near",
            },
            "ref": null,
            "rendered": null,
            "type": [Function],
          },
          Object {
            "instance": null,
            "key": undefined,
            "nodeType": "function",
            "props": Object {
              "children": "Available Event Centers",
            },
            "ref": null,
            "rendered": "Available Event Centers",
            "type": [Function],
          },
          Object {
            "instance": null,
            "key": undefined,
            "nodeType": "class",
            "props": Object {
              "showViewCenterModal": undefined,
            },
            "ref": null,
            "rendered": null,
            "type": [Function],
          },
        ],
        "type": "div",
      },
      "type": "div",
    },
  ],
  Symbol(enzyme.__options__): Object {
    "adapter": ReactSixteenAdapter {
      "options": Object {
        "enableComponentDidUpdateOnSetState": true,
      },
    },
  },
}
`;
