// Jest Snapshot v1, https://goo.gl/fbAQLP

exports[`ProfileBody Should maintain existing snapshot 1`] = `
ShallowWrapper {
  "length": 1,
  Symbol(enzyme.__root__): [Circular],
  Symbol(enzyme.__unrendered__): <ProfileBody />,
  Symbol(enzyme.__renderer__): Object {
    "batchedUpdates": [Function],
    "getNode": [Function],
    "render": [Function],
    "simulateEvent": [Function],
    "unmount": [Function],
  },
  Symbol(enzyme.__node__): Object {
    "instance": null,
    "key": undefined,
    "nodeType": "host",
    "props": Object {
      "children": <div
        className="container-fluid"
      >
        <Connect(ProfileUserCard) />
        <DiscoverTitleCard>
          Your Events
        </DiscoverTitleCard>
        <Connect(ProfileEventCards) />
      </div>,
      "className": "io-body-content",
    },
    "ref": null,
    "rendered": Object {
      "instance": null,
      "key": undefined,
      "nodeType": "host",
      "props": Object {
        "children": Array [
          <Connect(ProfileUserCard) />,
          <DiscoverTitleCard>
            Your Events
          </DiscoverTitleCard>,
          <Connect(ProfileEventCards) />,
        ],
        "className": "container-fluid",
      },
      "ref": null,
      "rendered": Array [
        Object {
          "instance": null,
          "key": undefined,
          "nodeType": "class",
          "props": Object {},
          "ref": null,
          "rendered": null,
          "type": [Function],
        },
        Object {
          "instance": null,
          "key": undefined,
          "nodeType": "function",
          "props": Object {
            "children": "Your Events",
          },
          "ref": null,
          "rendered": "Your Events",
          "type": [Function],
        },
        Object {
          "instance": null,
          "key": undefined,
          "nodeType": "class",
          "props": Object {
            "hideLoader": undefined,
            "showAlertModal": undefined,
            "showConfirmModal": undefined,
            "showLoader": undefined,
            "showModifyEventModal": undefined,
            "showNotification": undefined,
          },
          "ref": null,
          "rendered": null,
          "type": [Function],
        },
      ],
      "type": "div",
    },
    "type": "div",
  },
  Symbol(enzyme.__nodes__): Array [
    Object {
      "instance": null,
      "key": undefined,
      "nodeType": "host",
      "props": Object {
        "children": <div
          className="container-fluid"
        >
          <Connect(ProfileUserCard) />
          <DiscoverTitleCard>
            Your Events
          </DiscoverTitleCard>
          <Connect(ProfileEventCards) />
        </div>,
        "className": "io-body-content",
      },
      "ref": null,
      "rendered": Object {
        "instance": null,
        "key": undefined,
        "nodeType": "host",
        "props": Object {
          "children": Array [
            <Connect(ProfileUserCard) />,
            <DiscoverTitleCard>
              Your Events
            </DiscoverTitleCard>,
            <Connect(ProfileEventCards) />,
          ],
          "className": "container-fluid",
        },
        "ref": null,
        "rendered": Array [
          Object {
            "instance": null,
            "key": undefined,
            "nodeType": "class",
            "props": Object {},
            "ref": null,
            "rendered": null,
            "type": [Function],
          },
          Object {
            "instance": null,
            "key": undefined,
            "nodeType": "function",
            "props": Object {
              "children": "Your Events",
            },
            "ref": null,
            "rendered": "Your Events",
            "type": [Function],
          },
          Object {
            "instance": null,
            "key": undefined,
            "nodeType": "class",
            "props": Object {
              "hideLoader": undefined,
              "showAlertModal": undefined,
              "showConfirmModal": undefined,
              "showLoader": undefined,
              "showModifyEventModal": undefined,
              "showNotification": undefined,
            },
            "ref": null,
            "rendered": null,
            "type": [Function],
          },
        ],
        "type": "div",
      },
      "type": "div",
    },
  ],
  Symbol(enzyme.__options__): Object {
    "adapter": ReactSixteenAdapter {
      "options": Object {
        "enableComponentDidUpdateOnSetState": true,
      },
    },
  },
}
`;
